
	Trial License -- for use to evaluate programs for possible purchase as an end-user only.

Searching 1440 set-ups on the stress day...
  345 s (0.24 s per simulation)
  1200 of 1440 set-ups meet both targets

Binding constraints on the stress day: cheapest passing set-up per camera count
  4 cameras: fails (87.4 patients sent home at best)
  5 cameras: INR 12480/day
  6 cameras: INR 13980/day
  7 cameras: INR 15480/day
  8 cameras: INR 16980/day
  9 cameras: INR 18480/day

Year check: 250 simulated camp-days, at most 12 may miss a target
   1. consent 2 cameras 5 devices 1 doctors 1 2G/EDGE  INR 12480/day: misses sent-home  38, review   0 days
   2. consent 3 cameras 5 devices 1 doctors 1 2G/EDGE  INR 12880/day: misses sent-home  36, review   0 days
   3. consent 4 cameras 5 devices 1 doctors 1 2G/EDGE  INR 13280/day: misses sent-home  36, review   0 days
   4. consent 5 cameras 5 devices 1 doctors 1 2G/EDGE  INR 13680/day: misses sent-home  36, review   0 days
   5. consent 2 cameras 6 devices 1 doctors 1 2G/EDGE  INR 13980/day: misses sent-home  13, review   0 days
   6. consent 6 cameras 5 devices 1 doctors 1 2G/EDGE  INR 14080/day: misses sent-home  36, review   0 days
   7. consent 3 cameras 6 devices 1 doctors 1 2G/EDGE  INR 14380/day: misses sent-home   5, review   0 days

Set-up        consent  cameras  devices  doctors uplink            INR/day  INR lakh/yr  sent home/yr  days missed
optimum             3        6        1        1 2G/EDGE             14380        35.95           135            5
hand_picked         6        6        4        3 4G                  24100        60.25           135            5

per year: 100115 patients; optimum photographs 97978 (97.87%), hand-picked 97978 (97.87%)
ophthalmologist-hours spent reviewing per year (optimum): 414

Saved optimise_results.mat and fig_optimisation.png
